mode: set
lmzsoftware.com/lzuccarelli/golang-cicd-webconsole/pkg/validator/validate.go:13.58,17.27 4 1
lmzsoftware.com/lzuccarelli/golang-cicd-webconsole/pkg/validator/validate.go:25.2,25.12 1 1
lmzsoftware.com/lzuccarelli/golang-cicd-webconsole/pkg/validator/validate.go:17.27,18.15 1 1
lmzsoftware.com/lzuccarelli/golang-cicd-webconsole/pkg/validator/validate.go:23.3,23.70 1 1
lmzsoftware.com/lzuccarelli/golang-cicd-webconsole/pkg/validator/validate.go:18.15,21.4 2 1
lmzsoftware.com/lzuccarelli/golang-cicd-webconsole/pkg/validator/validate.go:30.49,39.23 2 1
lmzsoftware.com/lzuccarelli/golang-cicd-webconsole/pkg/validator/validate.go:44.2,44.12 1 1
lmzsoftware.com/lzuccarelli/golang-cicd-webconsole/pkg/validator/validate.go:39.23,40.54 1 1
lmzsoftware.com/lzuccarelli/golang-cicd-webconsole/pkg/validator/validate.go:40.54,42.4 1 1
lmzsoftware.com/lzuccarelli/golang-cicd-webconsole/pkg/handlers/handler.go:24.86,29.27 3 1
lmzsoftware.com/lzuccarelli/golang-cicd-webconsole/pkg/handlers/handler.go:36.2,37.16 2 1
lmzsoftware.com/lzuccarelli/golang-cicd-webconsole/pkg/handlers/handler.go:43.2,43.40 1 1
lmzsoftware.com/lzuccarelli/golang-cicd-webconsole/pkg/handlers/handler.go:49.2,51.26 3 1
lmzsoftware.com/lzuccarelli/golang-cicd-webconsole/pkg/handlers/handler.go:71.2,74.16 4 1
lmzsoftware.com/lzuccarelli/golang-cicd-webconsole/pkg/handlers/handler.go:80.2,83.15 4 1
lmzsoftware.com/lzuccarelli/golang-cicd-webconsole/pkg/handlers/handler.go:89.2,90.16 2 1
lmzsoftware.com/lzuccarelli/golang-cicd-webconsole/pkg/handlers/handler.go:93.2,95.36 3 1
lmzsoftware.com/lzuccarelli/golang-cicd-webconsole/pkg/handlers/handler.go:29.27,33.3 3 1
lmzsoftware.com/lzuccarelli/golang-cicd-webconsole/pkg/handlers/handler.go:37.16,41.3 3 1
lmzsoftware.com/lzuccarelli/golang-cicd-webconsole/pkg/handlers/handler.go:43.40,45.3 1 1
lmzsoftware.com/lzuccarelli/golang-cicd-webconsole/pkg/handlers/handler.go:51.26,60.29 8 1
lmzsoftware.com/lzuccarelli/golang-cicd-webconsole/pkg/handlers/handler.go:64.3,64.29 1 1
lmzsoftware.com/lzuccarelli/golang-cicd-webconsole/pkg/handlers/handler.go:68.3,69.28 2 1
lmzsoftware.com/lzuccarelli/golang-cicd-webconsole/pkg/handlers/handler.go:60.29,63.4 2 1
lmzsoftware.com/lzuccarelli/golang-cicd-webconsole/pkg/handlers/handler.go:64.29,67.4 2 0
lmzsoftware.com/lzuccarelli/golang-cicd-webconsole/pkg/handlers/handler.go:74.16,79.3 4 1
lmzsoftware.com/lzuccarelli/golang-cicd-webconsole/pkg/handlers/handler.go:83.15,88.3 4 0
lmzsoftware.com/lzuccarelli/golang-cicd-webconsole/pkg/handlers/handler.go:90.16,92.3 1 0
lmzsoftware.com/lzuccarelli/golang-cicd-webconsole/pkg/handlers/handler.go:98.54,101.2 2 1
lmzsoftware.com/lzuccarelli/golang-cicd-webconsole/pkg/handlers/handler.go:104.57,105.35 1 1
lmzsoftware.com/lzuccarelli/golang-cicd-webconsole/pkg/handlers/handler.go:108.2,112.151 4 1
lmzsoftware.com/lzuccarelli/golang-cicd-webconsole/pkg/handlers/handler.go:105.35,107.3 1 0
